Archive member included because of file (symbol)

d:/embeddedsystemavr_tools/imt_sdk_win_64/winavr/bin/../lib/gcc/avr/4.3.3/avr5\libgcc.a(_udivmodqi4.o)
                              ./HAL/LCD/LCD_prg.o (__udivmodqi4)
d:/embeddedsystemavr_tools/imt_sdk_win_64/winavr/bin/../lib/gcc/avr/4.3.3/avr5\libgcc.a(_exit.o)
                              d:/embeddedsystemavr_tools/imt_sdk_win_64/winavr/bin/../lib/gcc/avr/4.3.3/../../../../avr/lib/avr5/crtm32.o (exit)
d:/embeddedsystemavr_tools/imt_sdk_win_64/winavr/bin/../lib/gcc/avr/4.3.3/avr5\libgcc.a(_copy_data.o)
                              ./MCAL/GPT/GPT_prg.o (__do_copy_data)
d:/embeddedsystemavr_tools/imt_sdk_win_64/winavr/bin/../lib/gcc/avr/4.3.3/avr5\libgcc.a(_clear_bss.o)
                              ./MCAL/GPT/GPT_prg.o (__do_clear_bss)
d:/embeddedsystemavr_tools/imt_sdk_win_64/winavr/bin/../lib/gcc/avr/4.3.3/avr5\libgcc.a(_fixunssfsi.o)
                              ./HAL/LCD/LCD_prg.o (__fixunssfsi)
d:/embeddedsystemavr_tools/imt_sdk_win_64/winavr/bin/../lib/gcc/avr/4.3.3/avr5\libgcc.a(_addsub_sf.o)
                              d:/embeddedsystemavr_tools/imt_sdk_win_64/winavr/bin/../lib/gcc/avr/4.3.3/avr5\libgcc.a(_fixunssfsi.o) (__subsf3)
d:/embeddedsystemavr_tools/imt_sdk_win_64/winavr/bin/../lib/gcc/avr/4.3.3/avr5\libgcc.a(_mul_sf.o)
                              ./HAL/LCD/LCD_prg.o (__mulsf3)
d:/embeddedsystemavr_tools/imt_sdk_win_64/winavr/bin/../lib/gcc/avr/4.3.3/avr5\libgcc.a(_gt_sf.o)
                              ./HAL/LCD/LCD_prg.o (__gtsf2)
d:/embeddedsystemavr_tools/imt_sdk_win_64/winavr/bin/../lib/gcc/avr/4.3.3/avr5\libgcc.a(_ge_sf.o)
                              d:/embeddedsystemavr_tools/imt_sdk_win_64/winavr/bin/../lib/gcc/avr/4.3.3/avr5\libgcc.a(_fixunssfsi.o) (__gesf2)
d:/embeddedsystemavr_tools/imt_sdk_win_64/winavr/bin/../lib/gcc/avr/4.3.3/avr5\libgcc.a(_lt_sf.o)
                              ./HAL/LCD/LCD_prg.o (__ltsf2)
d:/embeddedsystemavr_tools/imt_sdk_win_64/winavr/bin/../lib/gcc/avr/4.3.3/avr5\libgcc.a(_sf_to_si.o)
                              d:/embeddedsystemavr_tools/imt_sdk_win_64/winavr/bin/../lib/gcc/avr/4.3.3/avr5\libgcc.a(_fixunssfsi.o) (__fixsfsi)
d:/embeddedsystemavr_tools/imt_sdk_win_64/winavr/bin/../lib/gcc/avr/4.3.3/avr5\libgcc.a(_thenan_sf.o)
                              d:/embeddedsystemavr_tools/imt_sdk_win_64/winavr/bin/../lib/gcc/avr/4.3.3/avr5\libgcc.a(_addsub_sf.o) (__thenan_sf)
d:/embeddedsystemavr_tools/imt_sdk_win_64/winavr/bin/../lib/gcc/avr/4.3.3/avr5\libgcc.a(_prologue.o)
                              d:/embeddedsystemavr_tools/imt_sdk_win_64/winavr/bin/../lib/gcc/avr/4.3.3/avr5\libgcc.a(_addsub_sf.o) (__prologue_saves__)
d:/embeddedsystemavr_tools/imt_sdk_win_64/winavr/bin/../lib/gcc/avr/4.3.3/avr5\libgcc.a(_epilogue.o)
                              d:/embeddedsystemavr_tools/imt_sdk_win_64/winavr/bin/../lib/gcc/avr/4.3.3/avr5\libgcc.a(_addsub_sf.o) (__epilogue_restores__)
d:/embeddedsystemavr_tools/imt_sdk_win_64/winavr/bin/../lib/gcc/avr/4.3.3/avr5\libgcc.a(_pack_sf.o)
                              d:/embeddedsystemavr_tools/imt_sdk_win_64/winavr/bin/../lib/gcc/avr/4.3.3/avr5\libgcc.a(_addsub_sf.o) (__pack_f)
d:/embeddedsystemavr_tools/imt_sdk_win_64/winavr/bin/../lib/gcc/avr/4.3.3/avr5\libgcc.a(_unpack_sf.o)
                              d:/embeddedsystemavr_tools/imt_sdk_win_64/winavr/bin/../lib/gcc/avr/4.3.3/avr5\libgcc.a(_addsub_sf.o) (__unpack_f)
d:/embeddedsystemavr_tools/imt_sdk_win_64/winavr/bin/../lib/gcc/avr/4.3.3/avr5\libgcc.a(_fpcmp_parts_sf.o)
                              d:/embeddedsystemavr_tools/imt_sdk_win_64/winavr/bin/../lib/gcc/avr/4.3.3/avr5\libgcc.a(_gt_sf.o) (__fpcmp_parts_f)
d:/embeddedsystemavr_tools/imt_sdk_win_64/winavr/bin/../lib/gcc/avr/4.3.3/../../../../avr/lib/avr5\libc.a(eewr_byte_atmega32.o)
                              ./App/main.o (__eewr_byte_m32)

Allocating common symbols
Common symbol       size              file

u8PartyDuration     0x1               ./App/ownerUser.o
GPT_u8preloadValue  0x1               ./MCAL/GPT/GPT_prg.o
GPT_u8countOVFtime  0x1               ./MCAL/GPT/GPT_prg.o

Memory Configuration

Name             Origin             Length             Attributes
text             0x00000000         0x00020000         xr
data             0x00800060         0x0000ffa0         rw !x
eeprom           0x00810000         0x00010000         rw !x
fuse             0x00820000         0x00000400         rw !x
lock             0x00830000         0x00000400         rw !x
signature        0x00840000         0x00000400         rw !x
*default*        0x00000000         0xffffffff

Linker script and memory map

LOAD d:/embeddedsystemavr_tools/imt_sdk_win_64/winavr/bin/../lib/gcc/avr/4.3.3/../../../../avr/lib/avr5/crtm32.o
LOAD ./MCAL/SPI/SPI_prg.o
LOAD ./MCAL/GPT/GPT_prg.o
LOAD ./MCAL/GLOBAL_INT/GLOBAL_INT_prg.o
LOAD ./MCAL/EEPROM/EEPROM_prg.o
LOAD ./MCAL/DIO/DIO_prg.o
LOAD ./HAL/LED/LED_prg.o
LOAD ./HAL/LCD/LCD_prg.o
LOAD ./HAL/KEYPAD/KEYPAD_cfg.o
LOAD ./HAL/KEYPAD/KEYPAD_prg.o
LOAD ./App/helper.o
LOAD ./App/main.o
LOAD ./App/ownerUser.o
LOAD ./App/tenantUser.o
LOAD d:/embeddedsystemavr_tools/imt_sdk_win_64/winavr/bin/../lib/gcc/avr/4.3.3/avr5\libgcc.a
LOAD d:/embeddedsystemavr_tools/imt_sdk_win_64/winavr/bin/../lib/gcc/avr/4.3.3/../../../../avr/lib/avr5\libc.a
LOAD d:/embeddedsystemavr_tools/imt_sdk_win_64/winavr/bin/../lib/gcc/avr/4.3.3/avr5\libgcc.a

.hash
 *(.hash)

.dynsym
 *(.dynsym)

.dynstr
 *(.dynstr)

.gnu.version
 *(.gnu.version)

.gnu.version_d
 *(.gnu.version_d)

.gnu.version_r
 *(.gnu.version_r)

.rel.init
 *(.rel.init)

.rela.init
 *(.rela.init)

.rel.text
 *(.rel.text)
 *(.rel.text.*)
 *(.rel.gnu.linkonce.t*)

.rela.text
 *(.rela.text)
 *(.rela.text.*)
 *(.rela.gnu.linkonce.t*)

.rel.fini
 *(.rel.fini)

.rela.fini
 *(.rela.fini)

.rel.rodata
 *(.rel.rodata)
 *(.rel.rodata.*)
 *(.rel.gnu.linkonce.r*)

.rela.rodata
 *(.rela.rodata)
 *(.rela.rodata.*)
 *(.rela.gnu.linkonce.r*)

.rel.data
 *(.rel.data)
 *(.rel.data.*)
 *(.rel.gnu.linkonce.d*)

.rela.data
 *(.rela.data)
 *(.rela.data.*)
 *(.rela.gnu.linkonce.d*)

.rel.ctors
 *(.rel.ctors)

.rela.ctors
 *(.rela.ctors)

.rel.dtors
 *(.rel.dtors)

.rela.dtors
 *(.rela.dtors)

.rel.got
 *(.rel.got)

.rela.got
 *(.rela.got)

.rel.bss
 *(.rel.bss)

.rela.bss
 *(.rela.bss)

.rel.plt
 *(.rel.plt)

.rela.plt
 *(.rela.plt)

.text           0x00000000     0x60ba
 *(.vectors)
 .vectors       0x00000000       0x54 d:/embeddedsystemavr_tools/imt_sdk_win_64/winavr/bin/../lib/gcc/avr/4.3.3/../../../../avr/lib/avr5/crtm32.o
                0x00000000                __vectors
                0x00000000                __vector_default
 *(.vectors)
 *(.progmem.gcc*)
 *(.progmem*)
                0x00000054                . = ALIGN (0x2)
                0x00000054                __trampolines_start = .
 *(.trampolines)
 .trampolines   0x00000054        0x0 linker stubs
 *(.trampolines*)
                0x00000054                __trampolines_end = .
 *(.jumptables)
 *(.jumptables*)
 *(.lowtext)
 *(.lowtext*)
                0x00000054                __ctors_start = .
 *(.ctors)
                0x00000054                __ctors_end = .
                0x00000054                __dtors_start = .
 *(.dtors)
                0x00000054                __dtors_end = .
 SORT(*)(.ctors)
 SORT(*)(.dtors)
 *(.init0)
 .init0         0x00000054        0x0 d:/embeddedsystemavr_tools/imt_sdk_win_64/winavr/bin/../lib/gcc/avr/4.3.3/../../../../avr/lib/avr5/crtm32.o
                0x00000054                __init
 *(.init0)
 *(.init1)
 *(.init1)
 *(.init2)
 .init2         0x00000054        0xc d:/embeddedsystemavr_tools/imt_sdk_win_64/winavr/bin/../lib/gcc/avr/4.3.3/../../../../avr/lib/avr5/crtm32.o
 *(.init2)
 *(.init3)
 *(.init3)
 *(.init4)
 .init4         0x00000060       0x16 d:/embeddedsystemavr_tools/imt_sdk_win_64/winavr/bin/../lib/gcc/avr/4.3.3/avr5\libgcc.a(_copy_data.o)
                0x00000060                __do_copy_data
 .init4         0x00000076       0x10 d:/embeddedsystemavr_tools/imt_sdk_win_64/winavr/bin/../lib/gcc/avr/4.3.3/avr5\libgcc.a(_clear_bss.o)
                0x00000076                __do_clear_bss
 *(.init4)
 *(.init5)
 *(.init5)
 *(.init6)
 *(.init6)
 *(.init7)
 *(.init7)
 *(.init8)
 *(.init8)
 *(.init9)
 .init9         0x00000086        0x8 d:/embeddedsystemavr_tools/imt_sdk_win_64/winavr/bin/../lib/gcc/avr/4.3.3/../../../../avr/lib/avr5/crtm32.o
 *(.init9)
 *(.text)
 .text          0x0000008e        0x4 d:/embeddedsystemavr_tools/imt_sdk_win_64/winavr/bin/../lib/gcc/avr/4.3.3/../../../../avr/lib/avr5/crtm32.o
                0x0000008e                __vector_1
                0x0000008e                __vector_12
                0x0000008e                __bad_interrupt
                0x0000008e                __vector_6
                0x0000008e                __vector_3
                0x0000008e                __vector_13
                0x0000008e                __vector_17
                0x0000008e                __vector_19
                0x0000008e                __vector_7
                0x0000008e                __vector_5
                0x0000008e                __vector_4
                0x0000008e                __vector_9
                0x0000008e                __vector_2
                0x0000008e                __vector_15
                0x0000008e                __vector_8
                0x0000008e                __vector_14
                0x0000008e                __vector_10
                0x0000008e                __vector_16
                0x0000008e                __vector_18
                0x0000008e                __vector_20
 .text          0x00000092        0x0 ./MCAL/SPI/SPI_prg.o
 .text          0x00000092        0x0 ./MCAL/GPT/GPT_prg.o
 .text          0x00000092        0x0 ./MCAL/GLOBAL_INT/GLOBAL_INT_prg.o
 .text          0x00000092        0x0 ./MCAL/EEPROM/EEPROM_prg.o
 .text          0x00000092        0x0 ./MCAL/DIO/DIO_prg.o
 .text          0x00000092        0x0 ./HAL/LED/LED_prg.o
 .text          0x00000092        0x0 ./HAL/LCD/LCD_prg.o
 .text          0x00000092        0x0 ./HAL/KEYPAD/KEYPAD_cfg.o
 .text          0x00000092        0x0 ./HAL/KEYPAD/KEYPAD_prg.o
 .text          0x00000092        0x0 ./App/helper.o
 .text          0x00000092        0x0 ./App/main.o
 .text          0x00000092        0x0 ./App/ownerUser.o
 .text          0x00000092        0x0 ./App/tenantUser.o
 .text          0x00000092        0x0 d:/embeddedsystemavr_tools/imt_sdk_win_64/winavr/bin/../lib/gcc/avr/4.3.3/avr5\libgcc.a(_udivmodqi4.o)
 .text          0x00000092        0x0 d:/embeddedsystemavr_tools/imt_sdk_win_64/winavr/bin/../lib/gcc/avr/4.3.3/avr5\libgcc.a(_exit.o)
 .text          0x00000092        0x0 d:/embeddedsystemavr_tools/imt_sdk_win_64/winavr/bin/../lib/gcc/avr/4.3.3/avr5\libgcc.a(_copy_data.o)
 .text          0x00000092        0x0 d:/embeddedsystemavr_tools/imt_sdk_win_64/winavr/bin/../lib/gcc/avr/4.3.3/avr5\libgcc.a(_clear_bss.o)
 .text          0x00000092       0x58 d:/embeddedsystemavr_tools/imt_sdk_win_64/winavr/bin/../lib/gcc/avr/4.3.3/avr5\libgcc.a(_fixunssfsi.o)
                0x00000092                __fixunssfsi
 .text          0x000000ea      0x354 d:/embeddedsystemavr_tools/imt_sdk_win_64/winavr/bin/../lib/gcc/avr/4.3.3/avr5\libgcc.a(_addsub_sf.o)
                0x00000382                __subsf3
                0x000003e4                __addsf3
 .text          0x0000043e      0x1f4 d:/embeddedsystemavr_tools/imt_sdk_win_64/winavr/bin/../lib/gcc/avr/4.3.3/avr5\libgcc.a(_mul_sf.o)
                0x0000043e                __mulsf3
 .text          0x00000632       0x60 d:/embeddedsystemavr_tools/imt_sdk_win_64/winavr/bin/../lib/gcc/avr/4.3.3/avr5\libgcc.a(_gt_sf.o)
                0x00000632                __gtsf2
 .text          0x00000692       0x60 d:/embeddedsystemavr_tools/imt_sdk_win_64/winavr/bin/../lib/gcc/avr/4.3.3/avr5\libgcc.a(_ge_sf.o)
                0x00000692                __gesf2
 .text          0x000006f2       0x60 d:/embeddedsystemavr_tools/imt_sdk_win_64/winavr/bin/../lib/gcc/avr/4.3.3/avr5\libgcc.a(_lt_sf.o)
                0x000006f2                __ltsf2
 .text          0x00000752       0xa8 d:/embeddedsystemavr_tools/imt_sdk_win_64/winavr/bin/../lib/gcc/avr/4.3.3/avr5\libgcc.a(_sf_to_si.o)
                0x00000752                __fixsfsi
 .text          0x000007fa        0x0 d:/embeddedsystemavr_tools/imt_sdk_win_64/winavr/bin/../lib/gcc/avr/4.3.3/avr5\libgcc.a(_thenan_sf.o)
 .text          0x000007fa        0x0 d:/embeddedsystemavr_tools/imt_sdk_win_64/winavr/bin/../lib/gcc/avr/4.3.3/avr5\libgcc.a(_prologue.o)
 .text          0x000007fa        0x0 d:/embeddedsystemavr_tools/imt_sdk_win_64/winavr/bin/../lib/gcc/avr/4.3.3/avr5\libgcc.a(_epilogue.o)
 .text          0x000007fa      0x1aa d:/embeddedsystemavr_tools/imt_sdk_win_64/winavr/bin/../lib/gcc/avr/4.3.3/avr5\libgcc.a(_pack_sf.o)
                0x000007fa                __pack_f
 .text          0x000009a4       0xf0 d:/embeddedsystemavr_tools/imt_sdk_win_64/winavr/bin/../lib/gcc/avr/4.3.3/avr5\libgcc.a(_unpack_sf.o)
                0x000009a4                __unpack_f
 .text          0x00000a94       0xb2 d:/embeddedsystemavr_tools/imt_sdk_win_64/winavr/bin/../lib/gcc/avr/4.3.3/avr5\libgcc.a(_fpcmp_parts_sf.o)
                0x00000a94                __fpcmp_parts_f
 .text          0x00000b46        0x0 d:/embeddedsystemavr_tools/imt_sdk_win_64/winavr/bin/../lib/gcc/avr/4.3.3/../../../../avr/lib/avr5\libc.a(eewr_byte_atmega32.o)
                0x00000b46                . = ALIGN (0x2)
 *(.text.*)
 .text.SPI_vidSPIInitMaster
                0x00000b46       0x40 ./MCAL/SPI/SPI_prg.o
                0x00000b46                SPI_vidSPIInitMaster
 .text.SPI_vidSPIInitSlave
                0x00000b86       0x30 ./MCAL/SPI/SPI_prg.o
                0x00000b86                SPI_vidSPIInitSlave
 .text.SPI_vidTransceive
                0x00000bb6       0x42 ./MCAL/SPI/SPI_prg.o
                0x00000bb6                SPI_vidTransceive
 .text.SPI_vidStopConnection
                0x00000bf8       0x1c ./MCAL/SPI/SPI_prg.o
                0x00000bf8                SPI_vidStopConnection
 .text.GPT_vidConfigure
                0x00000c14       0x30 ./MCAL/GPT/GPT_prg.o
                0x00000c14                GPT_vidConfigure
 .text.GPT_vidStartTimer
                0x00000c44       0x4c ./MCAL/GPT/GPT_prg.o
                0x00000c44                GPT_vidStartTimer
 .text.GPT_vidStopTimer
                0x00000c90       0x22 ./MCAL/GPT/GPT_prg.o
                0x00000c90                GPT_vidStopTimer
 .text.GINT_vidEnable
                0x00000cb2       0x16 ./MCAL/GLOBAL_INT/GLOBAL_INT_prg.o
                0x00000cb2                GINT_vidEnable
 .text.GINT_vidDisable
                0x00000cc8       0x1c ./MCAL/GLOBAL_INT/GLOBAL_INT_prg.o
                0x00000cc8                GINT_vidDisable
 .text.EEPROM_vidwriteByte
                0x00000ce4       0x60 ./MCAL/EEPROM/EEPROM_prg.o
                0x00000ce4                EEPROM_vidwriteByte
 .text.EEPROM_u8readByte
                0x00000d44       0x4a ./MCAL/EEPROM/EEPROM_prg.o
                0x00000d44                EEPROM_u8readByte
 .text.DIO_vidInit
                0x00000d8e       0x4a ./MCAL/DIO/DIO_prg.o
                0x00000d8e                DIO_vidInit
 .text.DIO_enuSetPinValue
                0x00000dd8      0x1f6 ./MCAL/DIO/DIO_prg.o
                0x00000dd8                DIO_enuSetPinValue
 .text.DIO_enuSetPortValue
                0x00000fce       0x8a ./MCAL/DIO/DIO_prg.o
                0x00000fce                DIO_enuSetPortValue
 .text.DIO_enuGetPinValue
                0x00001058      0x12c ./MCAL/DIO/DIO_prg.o
                0x00001058                DIO_enuGetPinValue
 .text.DIO_enuGetPortValue
                0x00001184       0x9e ./MCAL/DIO/DIO_prg.o
                0x00001184                DIO_enuGetPortValue
 .text.LED_vidInit
                0x00001222       0x12 ./HAL/LED/LED_prg.o
                0x00001222                LED_vidInit
 .text.LED_enuTurnOn
                0x00001234       0x3c ./HAL/LED/LED_prg.o
                0x00001234                LED_enuTurnOn
 .text.LED_enuTurnOff
                0x00001270       0x3c ./HAL/LED/LED_prg.o
                0x00001270                LED_enuTurnOff
 .text.LED_enuToggleLED
                0x000012ac       0x7e ./HAL/LED/LED_prg.o
                0x000012ac                LED_enuToggleLED
 .text.LCD_vidInit
                0x0000132a      0x3d2 ./HAL/LCD/LCD_prg.o
                0x0000132a                LCD_vidInit
 .text.LCD_enuSendInstruction
                0x000016fc       0x3a ./HAL/LCD/LCD_prg.o
                0x000016fc                LCD_enuSendInstruction
 .text.LCD_enuSendCharacter
                0x00001736       0x3a ./HAL/LCD/LCD_prg.o
                0x00001736                LCD_enuSendCharacter
 .text.LCD_enuSendString
                0x00001770       0x4c ./HAL/LCD/LCD_prg.o
                0x00001770                LCD_enuSendString
 .text.LCD_enuGoTo
                0x000017bc       0x6a ./HAL/LCD/LCD_prg.o
                0x000017bc                LCD_enuGoTo
 .text.LCD_enuSendCustomCharacter
                0x00001826      0x186 ./HAL/LCD/LCD_prg.o
                0x00001826                LCD_enuSendCustomCharacter
 .text.LCD_enuSendNumber
                0x000019ac       0xb4 ./HAL/LCD/LCD_prg.o
                0x000019ac                LCD_enuSendNumber
 .text.LCD_enuClearLine
                0x00001a60       0x3e ./HAL/LCD/LCD_prg.o
                0x00001a60                LCD_enuClearLine
 .text.LCD_SendEnable
                0x00001a9e      0x11e ./HAL/LCD/LCD_prg.o
 .text.KEYPAD_vidTnti
                0x00001bbc       0x12 ./HAL/KEYPAD/KEYPAD_prg.o
                0x00001bbc                KEYPAD_vidTnti
 .text.KEYPAD_vidGetPressedKey
                0x00001bce      0x206 ./HAL/KEYPAD/KEYPAD_prg.o
                0x00001bce                KEYPAD_vidGetPressedKey
 .text.HELPER_vidSucessLogin
                0x00001dd4      0x178 ./App/helper.o
                0x00001dd4                HELPER_vidSucessLogin
 .text.main     0x00001f4c     0x15e8 ./App/main.o
                0x00001f4c                main
 .text.OWNER_vidUserOptions
                0x00003534     0x106e ./App/ownerUser.o
                0x00003534                OWNER_vidUserOptions
 .text.OWNER_vidMasterRoom
                0x000045a2      0x5d4 ./App/ownerUser.o
                0x000045a2                OWNER_vidMasterRoom
 .text.OWNER_vidTenantRoom
                0x00004b76      0x5d4 ./App/ownerUser.o
                0x00004b76                OWNER_vidTenantRoom
 .text.OWNER_vidGarageControl
                0x0000514a      0x5da ./App/ownerUser.o
                0x0000514a                OWNER_vidGarageControl
 .text.OWNER_vidcounterDown
                0x00005724       0x96 ./App/ownerUser.o
                0x00005724                OWNER_vidcounterDown
 .text.__vector_11
                0x000057ba       0xa0 ./App/ownerUser.o
                0x000057ba                __vector_11
 .text.OWNER_u8getTemperature
                0x0000585a      0x1b2 ./App/ownerUser.o
                0x0000585a                OWNER_u8getTemperature
 .text.TENANT_vidRoomControl
                0x00005a0c      0x60a ./App/tenantUser.o
                0x00005a0c                TENANT_vidRoomControl
 .text.libgcc   0x00006016       0x18 d:/embeddedsystemavr_tools/imt_sdk_win_64/winavr/bin/../lib/gcc/avr/4.3.3/avr5\libgcc.a(_udivmodqi4.o)
                0x00006016                __udivmodqi4
 .text.libgcc   0x0000602e        0x0 d:/embeddedsystemavr_tools/imt_sdk_win_64/winavr/bin/../lib/gcc/avr/4.3.3/avr5\libgcc.a(_exit.o)
 .text.libgcc   0x0000602e        0x0 d:/embeddedsystemavr_tools/imt_sdk_win_64/winavr/bin/../lib/gcc/avr/4.3.3/avr5\libgcc.a(_copy_data.o)
 .text.libgcc   0x0000602e        0x0 d:/embeddedsystemavr_tools/imt_sdk_win_64/winavr/bin/../lib/gcc/avr/4.3.3/avr5\libgcc.a(_clear_bss.o)
 .text.libgcc   0x0000602e       0x38 d:/embeddedsystemavr_tools/imt_sdk_win_64/winavr/bin/../lib/gcc/avr/4.3.3/avr5\libgcc.a(_prologue.o)
                0x0000602e                __prologue_saves__
 .text.libgcc   0x00006066       0x36 d:/embeddedsystemavr_tools/imt_sdk_win_64/winavr/bin/../lib/gcc/avr/4.3.3/avr5\libgcc.a(_epilogue.o)
                0x00006066                __epilogue_restores__
 .text.avr-libc
                0x0000609c       0x1a d:/embeddedsystemavr_tools/imt_sdk_win_64/winavr/bin/../lib/gcc/avr/4.3.3/../../../../avr/lib/avr5\libc.a(eewr_byte_atmega32.o)
                0x0000609e                __eewr_r18_m32
                0x0000609c                __eewr_byte_m32
                0x000060b6                . = ALIGN (0x2)
 *(.fini9)
 .fini9         0x000060b6        0x0 d:/embeddedsystemavr_tools/imt_sdk_win_64/winavr/bin/../lib/gcc/avr/4.3.3/avr5\libgcc.a(_exit.o)
                0x000060b6                exit
                0x000060b6                _exit
 *(.fini9)
 *(.fini8)
 *(.fini8)
 *(.fini7)
 *(.fini7)
 *(.fini6)
 *(.fini6)
 *(.fini5)
 *(.fini5)
 *(.fini4)
 *(.fini4)
 *(.fini3)
 *(.fini3)
 *(.fini2)
 *(.fini2)
 *(.fini1)
 *(.fini1)
 *(.fini0)
 .fini0         0x000060b6        0x4 d:/embeddedsystemavr_tools/imt_sdk_win_64/winavr/bin/../lib/gcc/avr/4.3.3/avr5\libgcc.a(_exit.o)
 *(.fini0)
                0x000060ba                _etext = .

.data           0x00800060      0x2c8 load address 0x000060ba
                0x00800060                PROVIDE (__data_start, .)
 *(.data)
 .data          0x00800060        0x0 d:/embeddedsystemavr_tools/imt_sdk_win_64/winavr/bin/../lib/gcc/avr/4.3.3/../../../../avr/lib/avr5/crtm32.o
 .data          0x00800060        0x0 ./MCAL/SPI/SPI_prg.o
 .data          0x00800060        0x0 ./MCAL/GPT/GPT_prg.o
 .data          0x00800060        0x0 ./MCAL/GLOBAL_INT/GLOBAL_INT_prg.o
 .data          0x00800060        0x0 ./MCAL/EEPROM/EEPROM_prg.o
 .data          0x00800060        0x0 ./MCAL/DIO/DIO_prg.o
 .data          0x00800060        0x0 ./HAL/LED/LED_prg.o
 .data          0x00800060       0x1c ./HAL/LCD/LCD_prg.o
 .data          0x0080007c        0x0 ./HAL/KEYPAD/KEYPAD_cfg.o
 .data          0x0080007c        0x0 ./HAL/KEYPAD/KEYPAD_prg.o
 .data          0x0080007c        0xe ./App/helper.o
 .data          0x0080008a       0xaf ./App/main.o
 .data          0x00800139      0x16a ./App/ownerUser.o
 .data          0x008002a3       0x3d ./App/tenantUser.o
 .data          0x008002e0        0x0 d:/embeddedsystemavr_tools/imt_sdk_win_64/winavr/bin/../lib/gcc/avr/4.3.3/avr5\libgcc.a(_udivmodqi4.o)
 .data          0x008002e0        0x0 d:/embeddedsystemavr_tools/imt_sdk_win_64/winavr/bin/../lib/gcc/avr/4.3.3/avr5\libgcc.a(_exit.o)
 .data          0x008002e0        0x0 d:/embeddedsystemavr_tools/imt_sdk_win_64/winavr/bin/../lib/gcc/avr/4.3.3/avr5\libgcc.a(_copy_data.o)
 .data          0x008002e0        0x0 d:/embeddedsystemavr_tools/imt_sdk_win_64/winavr/bin/../lib/gcc/avr/4.3.3/avr5\libgcc.a(_clear_bss.o)
 .data          0x008002e0        0x0 d:/embeddedsystemavr_tools/imt_sdk_win_64/winavr/bin/../lib/gcc/avr/4.3.3/avr5\libgcc.a(_fixunssfsi.o)
 .data          0x008002e0        0x0 d:/embeddedsystemavr_tools/imt_sdk_win_64/winavr/bin/../lib/gcc/avr/4.3.3/avr5\libgcc.a(_addsub_sf.o)
 .data          0x008002e0        0x0 d:/embeddedsystemavr_tools/imt_sdk_win_64/winavr/bin/../lib/gcc/avr/4.3.3/avr5\libgcc.a(_mul_sf.o)
 .data          0x008002e0        0x0 d:/embeddedsystemavr_tools/imt_sdk_win_64/winavr/bin/../lib/gcc/avr/4.3.3/avr5\libgcc.a(_gt_sf.o)
 .data          0x008002e0        0x0 d:/embeddedsystemavr_tools/imt_sdk_win_64/winavr/bin/../lib/gcc/avr/4.3.3/avr5\libgcc.a(_ge_sf.o)
 .data          0x008002e0        0x0 d:/embeddedsystemavr_tools/imt_sdk_win_64/winavr/bin/../lib/gcc/avr/4.3.3/avr5\libgcc.a(_lt_sf.o)
 .data          0x008002e0        0x0 d:/embeddedsystemavr_tools/imt_sdk_win_64/winavr/bin/../lib/gcc/avr/4.3.3/avr5\libgcc.a(_sf_to_si.o)
 .data          0x008002e0        0x8 d:/embeddedsystemavr_tools/imt_sdk_win_64/winavr/bin/../lib/gcc/avr/4.3.3/avr5\libgcc.a(_thenan_sf.o)
                0x008002e0                __thenan_sf
 .data          0x008002e8        0x0 d:/embeddedsystemavr_tools/imt_sdk_win_64/winavr/bin/../lib/gcc/avr/4.3.3/avr5\libgcc.a(_prologue.o)
 .data          0x008002e8        0x0 d:/embeddedsystemavr_tools/imt_sdk_win_64/winavr/bin/../lib/gcc/avr/4.3.3/avr5\libgcc.a(_epilogue.o)
 .data          0x008002e8        0x0 d:/embeddedsystemavr_tools/imt_sdk_win_64/winavr/bin/../lib/gcc/avr/4.3.3/avr5\libgcc.a(_pack_sf.o)
 .data          0x008002e8        0x0 d:/embeddedsystemavr_tools/imt_sdk_win_64/winavr/bin/../lib/gcc/avr/4.3.3/avr5\libgcc.a(_unpack_sf.o)
 .data          0x008002e8        0x0 d:/embeddedsystemavr_tools/imt_sdk_win_64/winavr/bin/../lib/gcc/avr/4.3.3/avr5\libgcc.a(_fpcmp_parts_sf.o)
 .data          0x008002e8        0x0 d:/embeddedsystemavr_tools/imt_sdk_win_64/winavr/bin/../lib/gcc/avr/4.3.3/../../../../avr/lib/avr5\libc.a(eewr_byte_atmega32.o)
 *(.data*)
 .data.timer0Configure
                0x008002e8        0x3 ./MCAL/GPT/GPT_prg.o
                0x008002e8                timer0Configure
 .data.u8SPIrequest
                0x008002eb        0x1 ./App/ownerUser.o
                0x008002eb                u8SPIrequest
 .data.u8keyPressed
                0x008002ec        0x1 ./App/ownerUser.o
                0x008002ec                u8keyPressed
 .data.u8MinuteEnd
                0x008002ed        0x1 ./App/ownerUser.o
                0x008002ed                u8MinuteEnd
 *(.rodata)
 *(.rodata*)
 .rodata.KEYPAD_au8KeyValue
                0x008002ee        0xc ./HAL/KEYPAD/KEYPAD_cfg.o
                0x008002ee                KEYPAD_au8KeyValue
 .rodata.KEYPAD_au8Rows
                0x008002fa        0x8 ./HAL/KEYPAD/KEYPAD_cfg.o
                0x008002fa                KEYPAD_au8Rows
 .rodata.KEYPAD_au8Columns
                0x00800302        0x6 ./HAL/KEYPAD/KEYPAD_cfg.o
                0x00800302                KEYPAD_au8Columns
 .rodata.C.0.1343
                0x00800308        0x8 ./App/helper.o
 .rodata.C.0.1471
                0x00800310        0x8 ./App/main.o
 .rodata.C.1.1414
                0x00800318        0x8 ./App/ownerUser.o
 .rodata.C.0.1413
                0x00800320        0x8 ./App/ownerUser.o
 *(.gnu.linkonce.d*)
                0x00800328                . = ALIGN (0x2)
                0x00800328                _edata = .
                0x00800328                PROVIDE (__data_end, .)

.bss            0x00800328        0x6
                0x00800328                PROVIDE (__bss_start, .)
 *(.bss)
 .bss           0x00800328        0x0 d:/embeddedsystemavr_tools/imt_sdk_win_64/winavr/bin/../lib/gcc/avr/4.3.3/../../../../avr/lib/avr5/crtm32.o
 .bss           0x00800328        0x0 ./MCAL/SPI/SPI_prg.o
 .bss           0x00800328        0x0 ./MCAL/GPT/GPT_prg.o
 .bss           0x00800328        0x0 ./MCAL/GLOBAL_INT/GLOBAL_INT_prg.o
 .bss           0x00800328        0x0 ./MCAL/EEPROM/EEPROM_prg.o
 .bss           0x00800328        0x0 ./MCAL/DIO/DIO_prg.o
 .bss           0x00800328        0x0 ./HAL/LED/LED_prg.o
 .bss           0x00800328        0x0 ./HAL/LCD/LCD_prg.o
 .bss           0x00800328        0x0 ./HAL/KEYPAD/KEYPAD_cfg.o
 .bss           0x00800328        0x0 ./HAL/KEYPAD/KEYPAD_prg.o
 .bss           0x00800328        0x0 ./App/helper.o
 .bss           0x00800328        0x0 ./App/main.o
 .bss           0x00800328        0x0 ./App/ownerUser.o
 .bss           0x00800328        0x0 ./App/tenantUser.o
 .bss           0x00800328        0x0 d:/embeddedsystemavr_tools/imt_sdk_win_64/winavr/bin/../lib/gcc/avr/4.3.3/avr5\libgcc.a(_udivmodqi4.o)
 .bss           0x00800328        0x0 d:/embeddedsystemavr_tools/imt_sdk_win_64/winavr/bin/../lib/gcc/avr/4.3.3/avr5\libgcc.a(_exit.o)
 .bss           0x00800328        0x0 d:/embeddedsystemavr_tools/imt_sdk_win_64/winavr/bin/../lib/gcc/avr/4.3.3/avr5\libgcc.a(_copy_data.o)
 .bss           0x00800328        0x0 d:/embeddedsystemavr_tools/imt_sdk_win_64/winavr/bin/../lib/gcc/avr/4.3.3/avr5\libgcc.a(_clear_bss.o)
 .bss           0x00800328        0x0 d:/embeddedsystemavr_tools/imt_sdk_win_64/winavr/bin/../lib/gcc/avr/4.3.3/avr5\libgcc.a(_fixunssfsi.o)
 .bss           0x00800328        0x0 d:/embeddedsystemavr_tools/imt_sdk_win_64/winavr/bin/../lib/gcc/avr/4.3.3/avr5\libgcc.a(_addsub_sf.o)
 .bss           0x00800328        0x0 d:/embeddedsystemavr_tools/imt_sdk_win_64/winavr/bin/../lib/gcc/avr/4.3.3/avr5\libgcc.a(_mul_sf.o)
 .bss           0x00800328        0x0 d:/embeddedsystemavr_tools/imt_sdk_win_64/winavr/bin/../lib/gcc/avr/4.3.3/avr5\libgcc.a(_gt_sf.o)
 .bss           0x00800328        0x0 d:/embeddedsystemavr_tools/imt_sdk_win_64/winavr/bin/../lib/gcc/avr/4.3.3/avr5\libgcc.a(_ge_sf.o)
 .bss           0x00800328        0x0 d:/embeddedsystemavr_tools/imt_sdk_win_64/winavr/bin/../lib/gcc/avr/4.3.3/avr5\libgcc.a(_lt_sf.o)
 .bss           0x00800328        0x0 d:/embeddedsystemavr_tools/imt_sdk_win_64/winavr/bin/../lib/gcc/avr/4.3.3/avr5\libgcc.a(_sf_to_si.o)
 .bss           0x00800328        0x0 d:/embeddedsystemavr_tools/imt_sdk_win_64/winavr/bin/../lib/gcc/avr/4.3.3/avr5\libgcc.a(_thenan_sf.o)
 .bss           0x00800328        0x0 d:/embeddedsystemavr_tools/imt_sdk_win_64/winavr/bin/../lib/gcc/avr/4.3.3/avr5\libgcc.a(_prologue.o)
 .bss           0x00800328        0x0 d:/embeddedsystemavr_tools/imt_sdk_win_64/winavr/bin/../lib/gcc/avr/4.3.3/avr5\libgcc.a(_epilogue.o)
 .bss           0x00800328        0x0 d:/embeddedsystemavr_tools/imt_sdk_win_64/winavr/bin/../lib/gcc/avr/4.3.3/avr5\libgcc.a(_pack_sf.o)
 .bss           0x00800328        0x0 d:/embeddedsystemavr_tools/imt_sdk_win_64/winavr/bin/../lib/gcc/avr/4.3.3/avr5\libgcc.a(_unpack_sf.o)
 .bss           0x00800328        0x0 d:/embeddedsystemavr_tools/imt_sdk_win_64/winavr/bin/../lib/gcc/avr/4.3.3/avr5\libgcc.a(_fpcmp_parts_sf.o)
 .bss           0x00800328        0x0 d:/embeddedsystemavr_tools/imt_sdk_win_64/winavr/bin/../lib/gcc/avr/4.3.3/../../../../avr/lib/avr5\libc.a(eewr_byte_atmega32.o)
 *(.bss*)
 .bss.u8_loginMode
                0x00800328        0x1 ./App/main.o
                0x00800328                u8_loginMode
 .bss.min_counter.1749
                0x00800329        0x1 ./App/ownerUser.o
 .bss.sec_counter.1748
                0x0080032a        0x1 ./App/ownerUser.o
 *(COMMON)
 COMMON         0x0080032b        0x2 ./MCAL/GPT/GPT_prg.o
                0x0080032b                GPT_u8preloadValue
                0x0080032c                GPT_u8countOVFtime
 COMMON         0x0080032d        0x1 ./App/ownerUser.o
                0x0080032d                u8PartyDuration
                0x0080032e                PROVIDE (__bss_end, .)
                0x000060ba                __data_load_start = LOADADDR (.data)
                0x00006382                __data_load_end = (__data_load_start + SIZEOF (.data))

.noinit         0x0080032e        0x0
                0x0080032e                PROVIDE (__noinit_start, .)
 *(.noinit*)
                0x0080032e                PROVIDE (__noinit_end, .)
                0x0080032e                _end = .
                0x0080032e                PROVIDE (__heap_start, .)

.eeprom         0x00810000        0x0
 *(.eeprom*)
                0x00810000                __eeprom_end = .

.fuse
 *(.fuse)
 *(.lfuse)
 *(.hfuse)
 *(.efuse)

.lock
 *(.lock*)

.signature
 *(.signature*)

.stab           0x00000000     0x6024
 *(.stab)
 .stab          0x00000000      0x4d4 ./MCAL/SPI/SPI_prg.o
 .stab          0x000004d4      0x2dc ./MCAL/GPT/GPT_prg.o
                                0x2e8 (size before relaxing)
 .stab          0x000007b0      0x1ec ./MCAL/GLOBAL_INT/GLOBAL_INT_prg.o
                                0x1f8 (size before relaxing)
 .stab          0x0000099c      0x300 ./MCAL/EEPROM/EEPROM_prg.o
                                0x4b0 (size before relaxing)
 .stab          0x00000c9c      0x528 ./MCAL/DIO/DIO_prg.o
                                0x534 (size before relaxing)
 .stab          0x000011c4      0x414 ./HAL/LED/LED_prg.o
                                0x5ac (size before relaxing)
 .stab          0x000015d8      0xb88 ./HAL/LCD/LCD_prg.o
                                0xd20 (size before relaxing)
 .stab          0x00002160      0x1b0 ./HAL/KEYPAD/KEYPAD_cfg.o
                                0x1bc (size before relaxing)
 .stab          0x00002310      0x33c ./HAL/KEYPAD/KEYPAD_prg.o
                                0x570 (size before relaxing)
 .stab          0x0000264c      0x384 ./App/helper.o
                                0x51c (size before relaxing)
 .stab          0x000029d0     0x108c ./App/main.o
                               0x138c (size before relaxing)
 .stab          0x00003a5c     0x1f50 ./App/ownerUser.o
                               0x2238 (size before relaxing)
 .stab          0x000059ac      0x678 ./App/tenantUser.o
                                0x918 (size before relaxing)

.stabstr        0x00000000     0x1e86
 *(.stabstr)
 .stabstr       0x00000000     0x1e86 ./MCAL/SPI/SPI_prg.o

.stab.excl
 *(.stab.excl)

.stab.exclstr
 *(.stab.exclstr)

.stab.index
 *(.stab.index)

.stab.indexstr
 *(.stab.indexstr)

.comment
 *(.comment)

.debug
 *(.debug)

.line
 *(.line)

.debug_srcinfo
 *(.debug_srcinfo)

.debug_sfnames
 *(.debug_sfnames)

.debug_aranges  0x00000000      0x140
 *(.debug_aranges)
 .debug_aranges
                0x00000000       0x20 d:/embeddedsystemavr_tools/imt_sdk_win_64/winavr/bin/../lib/gcc/avr/4.3.3/avr5\libgcc.a(_fixunssfsi.o)
 .debug_aranges
                0x00000020       0x20 d:/embeddedsystemavr_tools/imt_sdk_win_64/winavr/bin/../lib/gcc/avr/4.3.3/avr5\libgcc.a(_addsub_sf.o)
 .debug_aranges
                0x00000040       0x20 d:/embeddedsystemavr_tools/imt_sdk_win_64/winavr/bin/../lib/gcc/avr/4.3.3/avr5\libgcc.a(_mul_sf.o)
 .debug_aranges
                0x00000060       0x20 d:/embeddedsystemavr_tools/imt_sdk_win_64/winavr/bin/../lib/gcc/avr/4.3.3/avr5\libgcc.a(_gt_sf.o)
 .debug_aranges
                0x00000080       0x20 d:/embeddedsystemavr_tools/imt_sdk_win_64/winavr/bin/../lib/gcc/avr/4.3.3/avr5\libgcc.a(_ge_sf.o)
 .debug_aranges
                0x000000a0       0x20 d:/embeddedsystemavr_tools/imt_sdk_win_64/winavr/bin/../lib/gcc/avr/4.3.3/avr5\libgcc.a(_lt_sf.o)
 .debug_aranges
                0x000000c0       0x20 d:/embeddedsystemavr_tools/imt_sdk_win_64/winavr/bin/../lib/gcc/avr/4.3.3/avr5\libgcc.a(_sf_to_si.o)
 .debug_aranges
                0x000000e0       0x20 d:/embeddedsystemavr_tools/imt_sdk_win_64/winavr/bin/../lib/gcc/avr/4.3.3/avr5\libgcc.a(_pack_sf.o)
 .debug_aranges
                0x00000100       0x20 d:/embeddedsystemavr_tools/imt_sdk_win_64/winavr/bin/../lib/gcc/avr/4.3.3/avr5\libgcc.a(_unpack_sf.o)
 .debug_aranges
                0x00000120       0x20 d:/embeddedsystemavr_tools/imt_sdk_win_64/winavr/bin/../lib/gcc/avr/4.3.3/avr5\libgcc.a(_fpcmp_parts_sf.o)

.debug_pubnames
                0x00000000      0x170
 *(.debug_pubnames)
 .debug_pubnames
                0x00000000       0x23 d:/embeddedsystemavr_tools/imt_sdk_win_64/winavr/bin/../lib/gcc/avr/4.3.3/avr5\libgcc.a(_fixunssfsi.o)
 .debug_pubnames
                0x00000023       0x2c d:/embeddedsystemavr_tools/imt_sdk_win_64/winavr/bin/../lib/gcc/avr/4.3.3/avr5\libgcc.a(_addsub_sf.o)
 .debug_pubnames
                0x0000004f       0x1f d:/embeddedsystemavr_tools/imt_sdk_win_64/winavr/bin/../lib/gcc/avr/4.3.3/avr5\libgcc.a(_mul_sf.o)
 .debug_pubnames
                0x0000006e       0x1e d:/embeddedsystemavr_tools/imt_sdk_win_64/winavr/bin/../lib/gcc/avr/4.3.3/avr5\libgcc.a(_gt_sf.o)
 .debug_pubnames
                0x0000008c       0x1e d:/embeddedsystemavr_tools/imt_sdk_win_64/winavr/bin/../lib/gcc/avr/4.3.3/avr5\libgcc.a(_ge_sf.o)
 .debug_pubnames
                0x000000aa       0x1e d:/embeddedsystemavr_tools/imt_sdk_win_64/winavr/bin/../lib/gcc/avr/4.3.3/avr5\libgcc.a(_lt_sf.o)
 .debug_pubnames
                0x000000c8       0x20 d:/embeddedsystemavr_tools/imt_sdk_win_64/winavr/bin/../lib/gcc/avr/4.3.3/avr5\libgcc.a(_sf_to_si.o)
 .debug_pubnames
                0x000000e8       0x22 d:/embeddedsystemavr_tools/imt_sdk_win_64/winavr/bin/../lib/gcc/avr/4.3.3/avr5\libgcc.a(_thenan_sf.o)
 .debug_pubnames
                0x0000010a       0x1f d:/embeddedsystemavr_tools/imt_sdk_win_64/winavr/bin/../lib/gcc/avr/4.3.3/avr5\libgcc.a(_pack_sf.o)
 .debug_pubnames
                0x00000129       0x21 d:/embeddedsystemavr_tools/imt_sdk_win_64/winavr/bin/../lib/gcc/avr/4.3.3/avr5\libgcc.a(_unpack_sf.o)
 .debug_pubnames
                0x0000014a       0x26 d:/embeddedsystemavr_tools/imt_sdk_win_64/winavr/bin/../lib/gcc/avr/4.3.3/avr5\libgcc.a(_fpcmp_parts_sf.o)

.debug_info     0x00000000     0x1c49
 *(.debug_info)
 .debug_info    0x00000000       0xb1 d:/embeddedsystemavr_tools/imt_sdk_win_64/winavr/bin/../lib/gcc/avr/4.3.3/avr5\libgcc.a(_fixunssfsi.o)
 .debug_info    0x000000b1      0x47a d:/embeddedsystemavr_tools/imt_sdk_win_64/winavr/bin/../lib/gcc/avr/4.3.3/avr5\libgcc.a(_addsub_sf.o)
 .debug_info    0x0000052b      0x485 d:/embeddedsystemavr_tools/imt_sdk_win_64/winavr/bin/../lib/gcc/avr/4.3.3/avr5\libgcc.a(_mul_sf.o)
 .debug_info    0x000009b0      0x27f d:/embeddedsystemavr_tools/imt_sdk_win_64/winavr/bin/../lib/gcc/avr/4.3.3/avr5\libgcc.a(_gt_sf.o)
 .debug_info    0x00000c2f      0x27f d:/embeddedsystemavr_tools/imt_sdk_win_64/winavr/bin/../lib/gcc/avr/4.3.3/avr5\libgcc.a(_ge_sf.o)
 .debug_info    0x00000eae      0x27f d:/embeddedsystemavr_tools/imt_sdk_win_64/winavr/bin/../lib/gcc/avr/4.3.3/avr5\libgcc.a(_lt_sf.o)
 .debug_info    0x0000112d      0x2b0 d:/embeddedsystemavr_tools/imt_sdk_win_64/winavr/bin/../lib/gcc/avr/4.3.3/avr5\libgcc.a(_sf_to_si.o)
 .debug_info    0x000013dd      0x12c d:/embeddedsystemavr_tools/imt_sdk_win_64/winavr/bin/../lib/gcc/avr/4.3.3/avr5\libgcc.a(_thenan_sf.o)
 .debug_info    0x00001509      0x2df d:/embeddedsystemavr_tools/imt_sdk_win_64/winavr/bin/../lib/gcc/avr/4.3.3/avr5\libgcc.a(_pack_sf.o)
 .debug_info    0x000017e8      0x251 d:/embeddedsystemavr_tools/imt_sdk_win_64/winavr/bin/../lib/gcc/avr/4.3.3/avr5\libgcc.a(_unpack_sf.o)
 .debug_info    0x00001a39      0x210 d:/embeddedsystemavr_tools/imt_sdk_win_64/winavr/bin/../lib/gcc/avr/4.3.3/avr5\libgcc.a(_fpcmp_parts_sf.o)
 *(.gnu.linkonce.wi.*)

.debug_abbrev   0x00000000      0xeeb
 *(.debug_abbrev)
 .debug_abbrev  0x00000000       0x5d d:/embeddedsystemavr_tools/imt_sdk_win_64/winavr/bin/../lib/gcc/avr/4.3.3/avr5\libgcc.a(_fixunssfsi.o)
 .debug_abbrev  0x0000005d      0x1ea d:/embeddedsystemavr_tools/imt_sdk_win_64/winavr/bin/../lib/gcc/avr/4.3.3/avr5\libgcc.a(_addsub_sf.o)
 .debug_abbrev  0x00000247      0x21b d:/embeddedsystemavr_tools/imt_sdk_win_64/winavr/bin/../lib/gcc/avr/4.3.3/avr5\libgcc.a(_mul_sf.o)
 .debug_abbrev  0x00000462      0x15a d:/embeddedsystemavr_tools/imt_sdk_win_64/winavr/bin/../lib/gcc/avr/4.3.3/avr5\libgcc.a(_gt_sf.o)
 .debug_abbrev  0x000005bc      0x15a d:/embeddedsystemavr_tools/imt_sdk_win_64/winavr/bin/../lib/gcc/avr/4.3.3/avr5\libgcc.a(_ge_sf.o)
 .debug_abbrev  0x00000716      0x15a d:/embeddedsystemavr_tools/imt_sdk_win_64/winavr/bin/../lib/gcc/avr/4.3.3/avr5\libgcc.a(_lt_sf.o)
 .debug_abbrev  0x00000870      0x17f d:/embeddedsystemavr_tools/imt_sdk_win_64/winavr/bin/../lib/gcc/avr/4.3.3/avr5\libgcc.a(_sf_to_si.o)
 .debug_abbrev  0x000009ef       0xad d:/embeddedsystemavr_tools/imt_sdk_win_64/winavr/bin/../lib/gcc/avr/4.3.3/avr5\libgcc.a(_thenan_sf.o)
 .debug_abbrev  0x00000a9c      0x1c0 d:/embeddedsystemavr_tools/imt_sdk_win_64/winavr/bin/../lib/gcc/avr/4.3.3/avr5\libgcc.a(_pack_sf.o)
 .debug_abbrev  0x00000c5c      0x154 d:/embeddedsystemavr_tools/imt_sdk_win_64/winavr/bin/../lib/gcc/avr/4.3.3/avr5\libgcc.a(_unpack_sf.o)
 .debug_abbrev  0x00000db0      0x13b d:/embeddedsystemavr_tools/imt_sdk_win_64/winavr/bin/../lib/gcc/avr/4.3.3/avr5\libgcc.a(_fpcmp_parts_sf.o)

.debug_line     0x00000000      0xdad
 *(.debug_line)
 .debug_line    0x00000000       0xa7 d:/embeddedsystemavr_tools/imt_sdk_win_64/winavr/bin/../lib/gcc/avr/4.3.3/avr5\libgcc.a(_fixunssfsi.o)
 .debug_line    0x000000a7      0x2af d:/embeddedsystemavr_tools/imt_sdk_win_64/winavr/bin/../lib/gcc/avr/4.3.3/avr5\libgcc.a(_addsub_sf.o)
 .debug_line    0x00000356      0x239 d:/embeddedsystemavr_tools/imt_sdk_win_64/winavr/bin/../lib/gcc/avr/4.3.3/avr5\libgcc.a(_mul_sf.o)
 .debug_line    0x0000058f       0xd3 d:/embeddedsystemavr_tools/imt_sdk_win_64/winavr/bin/../lib/gcc/avr/4.3.3/avr5\libgcc.a(_gt_sf.o)
 .debug_line    0x00000662       0xd3 d:/embeddedsystemavr_tools/imt_sdk_win_64/winavr/bin/../lib/gcc/avr/4.3.3/avr5\libgcc.a(_ge_sf.o)
 .debug_line    0x00000735       0xd3 d:/embeddedsystemavr_tools/imt_sdk_win_64/winavr/bin/../lib/gcc/avr/4.3.3/avr5\libgcc.a(_lt_sf.o)
 .debug_line    0x00000808      0x109 d:/embeddedsystemavr_tools/imt_sdk_win_64/winavr/bin/../lib/gcc/avr/4.3.3/avr5\libgcc.a(_sf_to_si.o)
 .debug_line    0x00000911       0x90 d:/embeddedsystemavr_tools/imt_sdk_win_64/winavr/bin/../lib/gcc/avr/4.3.3/avr5\libgcc.a(_thenan_sf.o)
 .debug_line    0x000009a1      0x18a d:/embeddedsystemavr_tools/imt_sdk_win_64/winavr/bin/../lib/gcc/avr/4.3.3/avr5\libgcc.a(_pack_sf.o)
 .debug_line    0x00000b2b      0x14b d:/embeddedsystemavr_tools/imt_sdk_win_64/winavr/bin/../lib/gcc/avr/4.3.3/avr5\libgcc.a(_unpack_sf.o)
 .debug_line    0x00000c76      0x137 d:/embeddedsystemavr_tools/imt_sdk_win_64/winavr/bin/../lib/gcc/avr/4.3.3/avr5\libgcc.a(_fpcmp_parts_sf.o)

.debug_frame    0x00000000      0x160
 *(.debug_frame)
 .debug_frame   0x00000000       0x20 d:/embeddedsystemavr_tools/imt_sdk_win_64/winavr/bin/../lib/gcc/avr/4.3.3/avr5\libgcc.a(_fixunssfsi.o)
 .debug_frame   0x00000020       0x40 d:/embeddedsystemavr_tools/imt_sdk_win_64/winavr/bin/../lib/gcc/avr/4.3.3/avr5\libgcc.a(_addsub_sf.o)
 .debug_frame   0x00000060       0x20 d:/embeddedsystemavr_tools/imt_sdk_win_64/winavr/bin/../lib/gcc/avr/4.3.3/avr5\libgcc.a(_mul_sf.o)
 .debug_frame   0x00000080       0x20 d:/embeddedsystemavr_tools/imt_sdk_win_64/winavr/bin/../lib/gcc/avr/4.3.3/avr5\libgcc.a(_gt_sf.o)
 .debug_frame   0x000000a0       0x20 d:/embeddedsystemavr_tools/imt_sdk_win_64/winavr/bin/../lib/gcc/avr/4.3.3/avr5\libgcc.a(_ge_sf.o)
 .debug_frame   0x000000c0       0x20 d:/embeddedsystemavr_tools/imt_sdk_win_64/winavr/bin/../lib/gcc/avr/4.3.3/avr5\libgcc.a(_lt_sf.o)
 .debug_frame   0x000000e0       0x20 d:/embeddedsystemavr_tools/imt_sdk_win_64/winavr/bin/../lib/gcc/avr/4.3.3/avr5\libgcc.a(_sf_to_si.o)
 .debug_frame   0x00000100       0x20 d:/embeddedsystemavr_tools/imt_sdk_win_64/winavr/bin/../lib/gcc/avr/4.3.3/avr5\libgcc.a(_pack_sf.o)
 .debug_frame   0x00000120       0x20 d:/embeddedsystemavr_tools/imt_sdk_win_64/winavr/bin/../lib/gcc/avr/4.3.3/avr5\libgcc.a(_unpack_sf.o)
 .debug_frame   0x00000140       0x20 d:/embeddedsystemavr_tools/imt_sdk_win_64/winavr/bin/../lib/gcc/avr/4.3.3/avr5\libgcc.a(_fpcmp_parts_sf.o)

.debug_str      0x00000000      0x28d
 *(.debug_str)
 .debug_str     0x00000000       0xbf d:/embeddedsystemavr_tools/imt_sdk_win_64/winavr/bin/../lib/gcc/avr/4.3.3/avr5\libgcc.a(_fixunssfsi.o)
                                 0xfe (size before relaxing)
 .debug_str     0x000000bf      0x14d d:/embeddedsystemavr_tools/imt_sdk_win_64/winavr/bin/../lib/gcc/avr/4.3.3/avr5\libgcc.a(_addsub_sf.o)
                                0x206 (size before relaxing)
 .debug_str     0x0000020c       0x27 d:/embeddedsystemavr_tools/imt_sdk_win_64/winavr/bin/../lib/gcc/avr/4.3.3/avr5\libgcc.a(_mul_sf.o)
                                0x1bf (size before relaxing)
 .debug_str     0x00000233        0xf d:/embeddedsystemavr_tools/imt_sdk_win_64/winavr/bin/../lib/gcc/avr/4.3.3/avr5\libgcc.a(_gt_sf.o)
                                0x195 (size before relaxing)
 .debug_str     0x00000242        0x8 d:/embeddedsystemavr_tools/imt_sdk_win_64/winavr/bin/../lib/gcc/avr/4.3.3/avr5\libgcc.a(_ge_sf.o)
                                0x195 (size before relaxing)
 .debug_str     0x0000024a        0x8 d:/embeddedsystemavr_tools/imt_sdk_win_64/winavr/bin/../lib/gcc/avr/4.3.3/avr5\libgcc.a(_lt_sf.o)
                                0x195 (size before relaxing)
 .debug_str     0x00000252        0xa d:/embeddedsystemavr_tools/imt_sdk_win_64/winavr/bin/../lib/gcc/avr/4.3.3/avr5\libgcc.a(_sf_to_si.o)
                                0x19e (size before relaxing)
 .debug_str     0x00000000      0x103 d:/embeddedsystemavr_tools/imt_sdk_win_64/winavr/bin/../lib/gcc/avr/4.3.3/avr5\libgcc.a(_thenan_sf.o)
 .debug_str     0x0000025c       0x16 d:/embeddedsystemavr_tools/imt_sdk_win_64/winavr/bin/../lib/gcc/avr/4.3.3/avr5\libgcc.a(_pack_sf.o)
                                0x19d (size before relaxing)
 .debug_str     0x00000272        0xb d:/embeddedsystemavr_tools/imt_sdk_win_64/winavr/bin/../lib/gcc/avr/4.3.3/avr5\libgcc.a(_unpack_sf.o)
                                0x17f (size before relaxing)
 .debug_str     0x0000027d       0x10 d:/embeddedsystemavr_tools/imt_sdk_win_64/winavr/bin/../lib/gcc/avr/4.3.3/avr5\libgcc.a(_fpcmp_parts_sf.o)
                                0x163 (size before relaxing)

.debug_loc      0x00000000      0x7ce
 *(.debug_loc)
 .debug_loc     0x00000000       0x34 d:/embeddedsystemavr_tools/imt_sdk_win_64/winavr/bin/../lib/gcc/avr/4.3.3/avr5\libgcc.a(_fixunssfsi.o)
 .debug_loc     0x00000034      0x32a d:/embeddedsystemavr_tools/imt_sdk_win_64/winavr/bin/../lib/gcc/avr/4.3.3/avr5\libgcc.a(_addsub_sf.o)
 .debug_loc     0x0000035e      0x104 d:/embeddedsystemavr_tools/imt_sdk_win_64/winavr/bin/../lib/gcc/avr/4.3.3/avr5\libgcc.a(_mul_sf.o)
 .debug_loc     0x00000462       0x3c d:/embeddedsystemavr_tools/imt_sdk_win_64/winavr/bin/../lib/gcc/avr/4.3.3/avr5\libgcc.a(_gt_sf.o)
 .debug_loc     0x0000049e       0x3c d:/embeddedsystemavr_tools/imt_sdk_win_64/winavr/bin/../lib/gcc/avr/4.3.3/avr5\libgcc.a(_ge_sf.o)
 .debug_loc     0x000004da       0x3c d:/embeddedsystemavr_tools/imt_sdk_win_64/winavr/bin/../lib/gcc/avr/4.3.3/avr5\libgcc.a(_lt_sf.o)
 .debug_loc     0x00000516       0x7e d:/embeddedsystemavr_tools/imt_sdk_win_64/winavr/bin/../lib/gcc/avr/4.3.3/avr5\libgcc.a(_sf_to_si.o)
 .debug_loc     0x00000594      0x13e d:/embeddedsystemavr_tools/imt_sdk_win_64/winavr/bin/../lib/gcc/avr/4.3.3/avr5\libgcc.a(_pack_sf.o)
 .debug_loc     0x000006d2       0xac d:/embeddedsystemavr_tools/imt_sdk_win_64/winavr/bin/../lib/gcc/avr/4.3.3/avr5\libgcc.a(_unpack_sf.o)
 .debug_loc     0x0000077e       0x50 d:/embeddedsystemavr_tools/imt_sdk_win_64/winavr/bin/../lib/gcc/avr/4.3.3/avr5\libgcc.a(_fpcmp_parts_sf.o)

.debug_macinfo
 *(.debug_macinfo)
OUTPUT(Smart_home.elf elf32-avr)
LOAD linker stubs

.debug_ranges   0x00000000       0x50
 .debug_ranges  0x00000000       0x50 d:/embeddedsystemavr_tools/imt_sdk_win_64/winavr/bin/../lib/gcc/avr/4.3.3/avr5\libgcc.a(_mul_sf.o)
